// Jest Snapshot v1, https://goo.gl/fbAQLP

exports[`HorizontalLine Component should match the snapshot with a winner 1`] = `
<View
  collapsable={false}
  style={
    {
      "alignSelf": "center",
      "backgroundColor": "#D80E0D",
      "borderRadius": 10,
      "height": 0,
      "opacity": 0,
      "position": "absolute",
      "top": 50,
      "transform": [
        {
          "translateX": 0,
        },
      ],
      "width": "90%",
    }
  }
/>
`;

exports[`HorizontalLine Component should match the snapshot without a winner 1`] = `null`;
