// Jest Snapshot v1, https://goo.gl/fbAQLP

exports[`NumberInput component renders correctly 1`] = `
<View
  style={
    {
      "flexDirection": "column",
    }
  }
>
  <View>
    <View
      accessibilityState={
        {
          "busy": undefined,
          "checked": undefined,
          "disabled": undefined,
          "expanded": undefined,
          "selected": undefined,
        }
      }
      accessibilityValue={
        {
          "max": undefined,
          "min": undefined,
          "now": undefined,
          "text": undefined,
        }
      }
      accessible={true}
      collapsable={false}
      focusable={true}
      onClick={[Function]}
      onResponderGrant={[Function]}
      onResponderMove={[Function]}
      onResponderRelease={[Function]}
      onResponderTerminate={[Function]}
      onResponderTerminationRequest={[Function]}
      onStartShouldSetResponder={[Function]}
      style={
        {
          "opacity": 1,
        }
      }
      testID="Header.TouchableOpacity.back"
    >
      <Text
        style={
          {
            "color": "#999",
            "fontSize": 50,
            "paddingLeft": 20,
            "pointerEvents": "none",
          }
        }
      >
        ‚Üê
      </Text>
    </View>
  </View>
</View>
`;
